============================= test session starts ==============================
platform linux -- Python 3.13.7, pytest-9.0.2, pluggy-1.6.0
rootdir: /home/vboxuser/Work/rpg-based-simulation
configfile: pyproject.toml
plugins: anyio-4.12.1, hypothesis-6.151.10
collected 6 items / 5 errors

==================================== ERRORS ====================================
_______ ERROR collecting tests/component/engine/test_subsystem_ticks.py ________
.venv/lib/python3.13/site-packages/_pytest/python.py:507: in importtestmodule
    mod = import_path(
.venv/lib/python3.13/site-packages/_pytest/pathlib.py:587: in import_path
    importlib.import_module(module_name)
/usr/lib/python3.13/importlib/__init__.py:88: in import_module
    return _bootstrap._gcd_import(name[level:], package, level)
           ^^^^^^^^^^^^^^^^^^^^^^^^^^^^^^^^^^^^^^^^^^^^^^^^^^^^
<frozen importlib._bootstrap>:1387: in _gcd_import
    ???
<frozen importlib._bootstrap>:1360: in _find_and_load
    ???
<frozen importlib._bootstrap>:1331: in _find_and_load_unlocked
    ???
<frozen importlib._bootstrap>:935: in _load_unlocked
    ???
.venv/lib/python3.13/site-packages/_pytest/assertion/rewrite.py:197: in exec_module
    exec(co, module.__dict__)
tests/component/engine/test_subsystem_ticks.py:18: in <module>
    from src.engine.world_loop import WorldLoop
src/engine/__init__.py:5: in <module>
    from src.engine.worker_pool import WorkerPool
src/engine/worker_pool.py:23: in <module>
    from src.ai.brain import AIBrain
src/ai/__init__.py:3: in <module>
    from src.ai.brain import AIBrain
src/ai/brain.py:20: in <module>
    from src.ai.states import AIContext, STATE_HANDLERS, IdleHandler
src/ai/states/__init__.py:10: in <module>
    from src.ai.states.interaction import (
E     File "/home/vboxuser/Work/rpg-based-simulation/src/ai/states/interaction.py", line 125
E       return AIState.WANDER, ActionProposal(actor.id, ActionType.REST, \"Corpse gone\", updates=final_updates), updates=final_updates)
E                                                                         ^
E   SyntaxError: unexpected character after line continuation character
_______ ERROR collecting tests/component/systems/test_calamity_system.py _______
.venv/lib/python3.13/site-packages/_pytest/python.py:507: in importtestmodule
    mod = import_path(
.venv/lib/python3.13/site-packages/_pytest/pathlib.py:587: in import_path
    importlib.import_module(module_name)
/usr/lib/python3.13/importlib/__init__.py:88: in import_module
    return _bootstrap._gcd_import(name[level:], package, level)
           ^^^^^^^^^^^^^^^^^^^^^^^^^^^^^^^^^^^^^^^^^^^^^^^^^^^^
<frozen importlib._bootstrap>:1387: in _gcd_import
    ???
<frozen importlib._bootstrap>:1360: in _find_and_load
    ???
<frozen importlib._bootstrap>:1331: in _find_and_load_unlocked
    ???
<frozen importlib._bootstrap>:935: in _load_unlocked
    ???
.venv/lib/python3.13/site-packages/_pytest/assertion/rewrite.py:197: in exec_module
    exec(co, module.__dict__)
tests/component/systems/test_calamity_system.py:11: in <module>
    from src.engine.world_loop import WorldLoop
src/engine/__init__.py:5: in <module>
    from src.engine.worker_pool import WorkerPool
src/engine/worker_pool.py:23: in <module>
    from src.ai.brain import AIBrain
src/ai/__init__.py:3: in <module>
    from src.ai.brain import AIBrain
src/ai/brain.py:20: in <module>
    from src.ai.states import AIContext, STATE_HANDLERS, IdleHandler
src/ai/states/__init__.py:10: in <module>
    from src.ai.states.interaction import (
E     File "/home/vboxuser/Work/rpg-based-simulation/src/ai/states/interaction.py", line 125
E       return AIState.WANDER, ActionProposal(actor.id, ActionType.REST, \"Corpse gone\", updates=final_updates), updates=final_updates)
E                                                                         ^
E   SyntaxError: unexpected character after line continuation character
_____________ ERROR collecting tests/e2e/test_combat_arena_e2e.py ______________
.venv/lib/python3.13/site-packages/_pytest/python.py:507: in importtestmodule
    mod = import_path(
.venv/lib/python3.13/site-packages/_pytest/pathlib.py:587: in import_path
    importlib.import_module(module_name)
/usr/lib/python3.13/importlib/__init__.py:88: in import_module
    return _bootstrap._gcd_import(name[level:], package, level)
           ^^^^^^^^^^^^^^^^^^^^^^^^^^^^^^^^^^^^^^^^^^^^^^^^^^^^
<frozen importlib._bootstrap>:1387: in _gcd_import
    ???
<frozen importlib._bootstrap>:1360: in _find_and_load
    ???
<frozen importlib._bootstrap>:1331: in _find_and_load_unlocked
    ???
<frozen importlib._bootstrap>:935: in _load_unlocked
    ???
.venv/lib/python3.13/site-packages/_pytest/assertion/rewrite.py:197: in exec_module
    exec(co, module.__dict__)
tests/e2e/test_combat_arena_e2e.py:8: in <module>
    from tests.helpers.combat_arena import CombatArena
tests/helpers/combat_arena.py:36: in <module>
    from src.engine.worker_pool import WorkerPool
src/engine/__init__.py:5: in <module>
    from src.engine.worker_pool import WorkerPool
src/engine/worker_pool.py:23: in <module>
    from src.ai.brain import AIBrain
src/ai/__init__.py:3: in <module>
    from src.ai.brain import AIBrain
src/ai/brain.py:20: in <module>
    from src.ai.states import AIContext, STATE_HANDLERS, IdleHandler
src/ai/states/__init__.py:10: in <module>
    from src.ai.states.interaction import (
E     File "/home/vboxuser/Work/rpg-based-simulation/src/ai/states/interaction.py", line 125
E       return AIState.WANDER, ActionProposal(actor.id, ActionType.REST, \"Corpse gone\", updates=final_updates), updates=final_updates)
E                                                                         ^
E   SyntaxError: unexpected character after line continuation character
______________ ERROR collecting tests/e2e/test_data_driven_e2e.py ______________
.venv/lib/python3.13/site-packages/_pytest/python.py:507: in importtestmodule
    mod = import_path(
.venv/lib/python3.13/site-packages/_pytest/pathlib.py:587: in import_path
    importlib.import_module(module_name)
/usr/lib/python3.13/importlib/__init__.py:88: in import_module
    return _bootstrap._gcd_import(name[level:], package, level)
           ^^^^^^^^^^^^^^^^^^^^^^^^^^^^^^^^^^^^^^^^^^^^^^^^^^^^
<frozen importlib._bootstrap>:1387: in _gcd_import
    ???
<frozen importlib._bootstrap>:1360: in _find_and_load
    ???
<frozen importlib._bootstrap>:1331: in _find_and_load_unlocked
    ???
<frozen importlib._bootstrap>:935: in _load_unlocked
    ???
.venv/lib/python3.13/site-packages/_pytest/assertion/rewrite.py:197: in exec_module
    exec(co, module.__dict__)
tests/e2e/test_data_driven_e2e.py:6: in <module>
    from tests.helpers.combat_arena import CombatArena
tests/helpers/combat_arena.py:36: in <module>
    from src.engine.worker_pool import WorkerPool
src/engine/__init__.py:5: in <module>
    from src.engine.worker_pool import WorkerPool
src/engine/worker_pool.py:23: in <module>
    from src.ai.brain import AIBrain
src/ai/__init__.py:3: in <module>
    from src.ai.brain import AIBrain
src/ai/brain.py:20: in <module>
    from src.ai.states import AIContext, STATE_HANDLERS, IdleHandler
src/ai/states/__init__.py:10: in <module>
    from src.ai.states.interaction import (
E     File "/home/vboxuser/Work/rpg-based-simulation/src/ai/states/interaction.py", line 125
E       return AIState.WANDER, ActionProposal(actor.id, ActionType.REST, \"Corpse gone\", updates=final_updates), updates=final_updates)
E                                                                         ^
E   SyntaxError: unexpected character after line continuation character
___________ ERROR collecting tests/e2e/test_deterministic_replay.py ____________
.venv/lib/python3.13/site-packages/_pytest/python.py:507: in importtestmodule
    mod = import_path(
.venv/lib/python3.13/site-packages/_pytest/pathlib.py:587: in import_path
    importlib.import_module(module_name)
/usr/lib/python3.13/importlib/__init__.py:88: in import_module
    return _bootstrap._gcd_import(name[level:], package, level)
           ^^^^^^^^^^^^^^^^^^^^^^^^^^^^^^^^^^^^^^^^^^^^^^^^^^^^
<frozen importlib._bootstrap>:1387: in _gcd_import
    ???
<frozen importlib._bootstrap>:1360: in _find_and_load
    ???
<frozen importlib._bootstrap>:1331: in _find_and_load_unlocked
    ???
<frozen importlib._bootstrap>:935: in _load_unlocked
    ???
.venv/lib/python3.13/site-packages/_pytest/assertion/rewrite.py:197: in exec_module
    exec(co, module.__dict__)
tests/e2e/test_deterministic_replay.py:15: in <module>
    from src.api.engine_manager import EngineManager
src/api/engine_manager.py:15: in <module>
    from src.ai.brain import AIBrain
src/ai/__init__.py:3: in <module>
    from src.ai.brain import AIBrain
src/ai/brain.py:20: in <module>
    from src.ai.states import AIContext, STATE_HANDLERS, IdleHandler
src/ai/states/__init__.py:10: in <module>
    from src.ai.states.interaction import (
E     File "/home/vboxuser/Work/rpg-based-simulation/src/ai/states/interaction.py", line 125
E       return AIState.WANDER, ActionProposal(actor.id, ActionType.REST, \"Corpse gone\", updates=final_updates), updates=final_updates)
E                                                                         ^
E   SyntaxError: unexpected character after line continuation character
=========================== short test summary info ============================
ERROR tests/component/engine/test_subsystem_ticks.py
ERROR tests/component/systems/test_calamity_system.py
ERROR tests/e2e/test_combat_arena_e2e.py
ERROR tests/e2e/test_data_driven_e2e.py
ERROR tests/e2e/test_deterministic_replay.py
!!!!!!!!!!!!!!!!!!!!!!!!!! stopping after 5 failures !!!!!!!!!!!!!!!!!!!!!!!!!!!
============================== 5 errors in 0.87s ===============================
