============================= test session starts ==============================
platform linux -- Python 3.13.7, pytest-8.3.5, pluggy-1.5.0 -- /usr/bin/python3
cachedir: .pytest_cache
rootdir: /home/vboxuser/Work/rpg-based-simulation
configfile: pyproject.toml
plugins: typeguard-4.4.2
collecting ... collected 2 items

tests/ai/test_learning_social.py::test_intel_confirmation_by_sight FAILED [ 50%]
tests/ai/test_learning_social.py::test_intel_refutation_by_exhaustion FAILED [100%]

=================================== FAILURES ===================================
_______________________ test_intel_confirmation_by_sight _______________________
tests/ai/test_learning_social.py:34: in test_intel_confirmation_by_sight
    lead = LeadRecord(
E   pydantic_core._pydantic_core.ValidationError: 2 validation errors for LeadRecord
E   subject
E     Input should be a valid string [type=string_type, input_value=202, input_type=int]
E       For further information visit https://errors.pydantic.dev/2.12/v/string_type
E   source_id
E     Input should be a valid string [type=string_type, input_value=999, input_type=int]
E       For further information visit https://errors.pydantic.dev/2.12/v/string_type
------------------------------ Captured log call -------------------------------
ERROR    pika.adapters.utils.io_services_utils:io_services_utils.py:349 Socket failed to connect: <socket.socket fd=31, family=2, type=1, proto=6, laddr=('127.0.0.1', 39006)>; error=111 (Connection refused)
ERROR    pika.adapters.utils.connection_workflow:connection_workflow.py:375 TCP Connection attempt failed: ConnectionRefusedError(111, 'Connection refused'); dest=(<AddressFamily.AF_INET: 2>, <SocketKind.SOCK_STREAM: 1>, 6, '', ('127.0.0.1', 5672))
ERROR    pika.adapters.utils.connection_workflow:connection_workflow.py:291 AMQPConnector - reporting failure: AMQPConnectorSocketConnectError: ConnectionRefusedError(111, 'Connection refused')
ERROR    pika.adapters.utils.connection_workflow:connection_workflow.py:746 AMQP connection workflow failed: AMQPConnectionWorkflowFailed: 1 exceptions in all; last exception - AMQPConnectorSocketConnectError: ConnectionRefusedError(111, 'Connection refused'); first exception - None.
ERROR    pika.adapters.utils.connection_workflow:connection_workflow.py:723 AMQPConnectionWorkflow - reporting failure: AMQPConnectionWorkflowFailed: 1 exceptions in all; last exception - AMQPConnectorSocketConnectError: ConnectionRefusedError(111, 'Connection refused'); first exception - None
ERROR    pika.adapters.blocking_connection:blocking_connection.py:450 Connection workflow failed: AMQPConnectionWorkflowFailed: 1 exceptions in all; last exception - AMQPConnectorSocketConnectError: ConnectionRefusedError(111, 'Connection refused'); first exception - None
ERROR    pika.adapters.blocking_connection:blocking_connection.py:457 Error in _create_connection().
Traceback (most recent call last):
  File "/home/vboxuser/.local/lib/python3.13/site-packages/pika/adapters/blocking_connection.py", line 451, in _create_connection
    raise self._reap_last_connection_workflow_error(error)
pika.exceptions.AMQPConnectionError
WARNING  src.api.rabbitmq_client:rabbitmq_client.py:54 Attempt 1/3: RabbitMQ not ready at amqp://guest:guest@127.0.0.1:5672/, retrying in 3s...
ERROR    pika.adapters.utils.io_services_utils:io_services_utils.py:349 Socket failed to connect: <socket.socket fd=31, family=2, type=1, proto=6, laddr=('127.0.0.1', 47928)>; error=111 (Connection refused)
ERROR    pika.adapters.utils.connection_workflow:connection_workflow.py:375 TCP Connection attempt failed: ConnectionRefusedError(111, 'Connection refused'); dest=(<AddressFamily.AF_INET: 2>, <SocketKind.SOCK_STREAM: 1>, 6, '', ('127.0.0.1', 5672))
ERROR    pika.adapters.utils.connection_workflow:connection_workflow.py:291 AMQPConnector - reporting failure: AMQPConnectorSocketConnectError: ConnectionRefusedError(111, 'Connection refused')
ERROR    pika.adapters.utils.connection_workflow:connection_workflow.py:746 AMQP connection workflow failed: AMQPConnectionWorkflowFailed: 1 exceptions in all; last exception - AMQPConnectorSocketConnectError: ConnectionRefusedError(111, 'Connection refused'); first exception - None.
ERROR    pika.adapters.utils.connection_workflow:connection_workflow.py:723 AMQPConnectionWorkflow - reporting failure: AMQPConnectionWorkflowFailed: 1 exceptions in all; last exception - AMQPConnectorSocketConnectError: ConnectionRefusedError(111, 'Connection refused'); first exception - None
ERROR    pika.adapters.blocking_connection:blocking_connection.py:450 Connection workflow failed: AMQPConnectionWorkflowFailed: 1 exceptions in all; last exception - AMQPConnectorSocketConnectError: ConnectionRefusedError(111, 'Connection refused'); first exception - None
ERROR    pika.adapters.blocking_connection:blocking_connection.py:457 Error in _create_connection().
Traceback (most recent call last):
  File "/home/vboxuser/.local/lib/python3.13/site-packages/pika/adapters/blocking_connection.py", line 451, in _create_connection
    raise self._reap_last_connection_workflow_error(error)
pika.exceptions.AMQPConnectionError
WARNING  src.api.rabbitmq_client:rabbitmq_client.py:54 Attempt 2/3: RabbitMQ not ready at amqp://guest:guest@127.0.0.1:5672/, retrying in 3s...
ERROR    pika.adapters.utils.io_services_utils:io_services_utils.py:349 Socket failed to connect: <socket.socket fd=31, family=2, type=1, proto=6, laddr=('127.0.0.1', 47942)>; error=111 (Connection refused)
ERROR    pika.adapters.utils.connection_workflow:connection_workflow.py:375 TCP Connection attempt failed: ConnectionRefusedError(111, 'Connection refused'); dest=(<AddressFamily.AF_INET: 2>, <SocketKind.SOCK_STREAM: 1>, 6, '', ('127.0.0.1', 5672))
ERROR    pika.adapters.utils.connection_workflow:connection_workflow.py:291 AMQPConnector - reporting failure: AMQPConnectorSocketConnectError: ConnectionRefusedError(111, 'Connection refused')
ERROR    pika.adapters.utils.connection_workflow:connection_workflow.py:746 AMQP connection workflow failed: AMQPConnectionWorkflowFailed: 1 exceptions in all; last exception - AMQPConnectorSocketConnectError: ConnectionRefusedError(111, 'Connection refused'); first exception - None.
ERROR    pika.adapters.utils.connection_workflow:connection_workflow.py:723 AMQPConnectionWorkflow - reporting failure: AMQPConnectionWorkflowFailed: 1 exceptions in all; last exception - AMQPConnectorSocketConnectError: ConnectionRefusedError(111, 'Connection refused'); first exception - None
ERROR    pika.adapters.blocking_connection:blocking_connection.py:450 Connection workflow failed: AMQPConnectionWorkflowFailed: 1 exceptions in all; last exception - AMQPConnectorSocketConnectError: ConnectionRefusedError(111, 'Connection refused'); first exception - None
ERROR    pika.adapters.blocking_connection:blocking_connection.py:457 Error in _create_connection().
Traceback (most recent call last):
  File "/home/vboxuser/.local/lib/python3.13/site-packages/pika/adapters/blocking_connection.py", line 451, in _create_connection
    raise self._reap_last_connection_workflow_error(error)
pika.exceptions.AMQPConnectionError
ERROR    src.api.rabbitmq_client:rabbitmq_client.py:52 Final attempt (3) failed to connect to RabbitMQ at amqp://guest:guest@127.0.0.1:5672/: 
ERROR    src.engine.worker_pool:worker_pool.py:74 WorkerPool failed to connect to RabbitMQ: . Falling back to inline execution.
_____________________ test_intel_refutation_by_exhaustion ______________________
tests/ai/test_learning_social.py:107: in test_intel_refutation_by_exhaustion
    lead = LeadRecord(
E   pydantic_core._pydantic_core.ValidationError: 2 validation errors for LeadRecord
E   subject
E     Input should be a valid string [type=string_type, input_value=303, input_type=int]
E       For further information visit https://errors.pydantic.dev/2.12/v/string_type
E   source_id
E     Input should be a valid string [type=string_type, input_value=888, input_type=int]
E       For further information visit https://errors.pydantic.dev/2.12/v/string_type
------------------------------ Captured log call -------------------------------
ERROR    pika.adapters.utils.io_services_utils:io_services_utils.py:349 Socket failed to connect: <socket.socket fd=31, family=2, type=1, proto=6, laddr=('127.0.0.1', 47958)>; error=111 (Connection refused)
ERROR    pika.adapters.utils.connection_workflow:connection_workflow.py:375 TCP Connection attempt failed: ConnectionRefusedError(111, 'Connection refused'); dest=(<AddressFamily.AF_INET: 2>, <SocketKind.SOCK_STREAM: 1>, 6, '', ('127.0.0.1', 5672))
ERROR    pika.adapters.utils.connection_workflow:connection_workflow.py:291 AMQPConnector - reporting failure: AMQPConnectorSocketConnectError: ConnectionRefusedError(111, 'Connection refused')
ERROR    pika.adapters.utils.connection_workflow:connection_workflow.py:746 AMQP connection workflow failed: AMQPConnectionWorkflowFailed: 1 exceptions in all; last exception - AMQPConnectorSocketConnectError: ConnectionRefusedError(111, 'Connection refused'); first exception - None.
ERROR    pika.adapters.utils.connection_workflow:connection_workflow.py:723 AMQPConnectionWorkflow - reporting failure: AMQPConnectionWorkflowFailed: 1 exceptions in all; last exception - AMQPConnectorSocketConnectError: ConnectionRefusedError(111, 'Connection refused'); first exception - None
ERROR    pika.adapters.blocking_connection:blocking_connection.py:450 Connection workflow failed: AMQPConnectionWorkflowFailed: 1 exceptions in all; last exception - AMQPConnectorSocketConnectError: ConnectionRefusedError(111, 'Connection refused'); first exception - None
ERROR    pika.adapters.blocking_connection:blocking_connection.py:457 Error in _create_connection().
Traceback (most recent call last):
  File "/home/vboxuser/.local/lib/python3.13/site-packages/pika/adapters/blocking_connection.py", line 451, in _create_connection
    raise self._reap_last_connection_workflow_error(error)
pika.exceptions.AMQPConnectionError
WARNING  src.api.rabbitmq_client:rabbitmq_client.py:54 Attempt 1/3: RabbitMQ not ready at amqp://guest:guest@127.0.0.1:5672/, retrying in 3s...
ERROR    pika.adapters.utils.io_services_utils:io_services_utils.py:349 Socket failed to connect: <socket.socket fd=31, family=2, type=1, proto=6, laddr=('127.0.0.1', 47970)>; error=111 (Connection refused)
ERROR    pika.adapters.utils.connection_workflow:connection_workflow.py:375 TCP Connection attempt failed: ConnectionRefusedError(111, 'Connection refused'); dest=(<AddressFamily.AF_INET: 2>, <SocketKind.SOCK_STREAM: 1>, 6, '', ('127.0.0.1', 5672))
ERROR    pika.adapters.utils.connection_workflow:connection_workflow.py:291 AMQPConnector - reporting failure: AMQPConnectorSocketConnectError: ConnectionRefusedError(111, 'Connection refused')
ERROR    pika.adapters.utils.connection_workflow:connection_workflow.py:746 AMQP connection workflow failed: AMQPConnectionWorkflowFailed: 1 exceptions in all; last exception - AMQPConnectorSocketConnectError: ConnectionRefusedError(111, 'Connection refused'); first exception - None.
ERROR    pika.adapters.utils.connection_workflow:connection_workflow.py:723 AMQPConnectionWorkflow - reporting failure: AMQPConnectionWorkflowFailed: 1 exceptions in all; last exception - AMQPConnectorSocketConnectError: ConnectionRefusedError(111, 'Connection refused'); first exception - None
ERROR    pika.adapters.blocking_connection:blocking_connection.py:450 Connection workflow failed: AMQPConnectionWorkflowFailed: 1 exceptions in all; last exception - AMQPConnectorSocketConnectError: ConnectionRefusedError(111, 'Connection refused'); first exception - None
ERROR    pika.adapters.blocking_connection:blocking_connection.py:457 Error in _create_connection().
Traceback (most recent call last):
  File "/home/vboxuser/.local/lib/python3.13/site-packages/pika/adapters/blocking_connection.py", line 451, in _create_connection
    raise self._reap_last_connection_workflow_error(error)
pika.exceptions.AMQPConnectionError
WARNING  src.api.rabbitmq_client:rabbitmq_client.py:54 Attempt 2/3: RabbitMQ not ready at amqp://guest:guest@127.0.0.1:5672/, retrying in 3s...
ERROR    pika.adapters.utils.io_services_utils:io_services_utils.py:349 Socket failed to connect: <socket.socket fd=31, family=2, type=1, proto=6, laddr=('127.0.0.1', 47986)>; error=111 (Connection refused)
ERROR    pika.adapters.utils.connection_workflow:connection_workflow.py:375 TCP Connection attempt failed: ConnectionRefusedError(111, 'Connection refused'); dest=(<AddressFamily.AF_INET: 2>, <SocketKind.SOCK_STREAM: 1>, 6, '', ('127.0.0.1', 5672))
ERROR    pika.adapters.utils.connection_workflow:connection_workflow.py:291 AMQPConnector - reporting failure: AMQPConnectorSocketConnectError: ConnectionRefusedError(111, 'Connection refused')
ERROR    pika.adapters.utils.connection_workflow:connection_workflow.py:746 AMQP connection workflow failed: AMQPConnectionWorkflowFailed: 1 exceptions in all; last exception - AMQPConnectorSocketConnectError: ConnectionRefusedError(111, 'Connection refused'); first exception - None.
ERROR    pika.adapters.utils.connection_workflow:connection_workflow.py:723 AMQPConnectionWorkflow - reporting failure: AMQPConnectionWorkflowFailed: 1 exceptions in all; last exception - AMQPConnectorSocketConnectError: ConnectionRefusedError(111, 'Connection refused'); first exception - None
ERROR    pika.adapters.blocking_connection:blocking_connection.py:450 Connection workflow failed: AMQPConnectionWorkflowFailed: 1 exceptions in all; last exception - AMQPConnectorSocketConnectError: ConnectionRefusedError(111, 'Connection refused'); first exception - None
ERROR    pika.adapters.blocking_connection:blocking_connection.py:457 Error in _create_connection().
Traceback (most recent call last):
  File "/home/vboxuser/.local/lib/python3.13/site-packages/pika/adapters/blocking_connection.py", line 451, in _create_connection
    raise self._reap_last_connection_workflow_error(error)
pika.exceptions.AMQPConnectionError
ERROR    src.api.rabbitmq_client:rabbitmq_client.py:52 Final attempt (3) failed to connect to RabbitMQ at amqp://guest:guest@127.0.0.1:5672/: 
ERROR    src.engine.worker_pool:worker_pool.py:74 WorkerPool failed to connect to RabbitMQ: . Falling back to inline execution.
=============================== warnings summary ===============================
tests/ai/test_learning_social.py::test_intel_confirmation_by_sight
  /home/vboxuser/.local/lib/python3.13/site-packages/pythonjsonlogger/jsonlogger.py:11: DeprecationWarning: pythonjsonlogger.jsonlogger has been moved to pythonjsonlogger.json
    warnings.warn(

-- Docs: https://docs.pytest.org/en/stable/how-to/capture-warnings.html
=========================== short test summary info ============================
FAILED tests/ai/test_learning_social.py::test_intel_confirmation_by_sight - pydantic_core._pydantic_core.ValidationError: 2 validation errors for LeadRecord
subject
  Input should be a valid string [type=string_type, input_value=202, input_type=int]
    For further information visit https://errors.pydantic.dev/2.12/v/string_type
source_id
  Input should be a valid string [type=string_type, input_value=999, input_type=int]
    For further information visit https://errors.pydantic.dev/2.12/v/string_type
FAILED tests/ai/test_learning_social.py::test_intel_refutation_by_exhaustion - pydantic_core._pydantic_core.ValidationError: 2 validation errors for LeadRecord
subject
  Input should be a valid string [type=string_type, input_value=303, input_type=int]
    For further information visit https://errors.pydantic.dev/2.12/v/string_type
source_id
  Input should be a valid string [type=string_type, input_value=888, input_type=int]
    For further information visit https://errors.pydantic.dev/2.12/v/string_type
======================== 2 failed, 1 warning in 12.58s =========================
